25/01/24 10:24:52 WARN NativeCodeLoader: Unable to load native-hadoop library for your platform... using builtin-java classes where applicable
Files file:///mnt/ceph/storage/data-tmp/current/li83keq/spark-upload/spark-upload-7d4704ac-77c0-4aa2-995a-6667b5cd9ecd/spark-trustworthiness-estimator-assembly-0.1.0.jar from /mnt/ceph/storage/data-tmp/current/li83keq/spark-upload/spark-upload-7d4704ac-77c0-4aa2-995a-6667b5cd9ecd/spark-trustworthiness-estimator-assembly-0.1.0.jar to /tmp/spark-trustworthiness-estimator-assembly-0.1.0.jar
25/01/24 10:28:33 INFO SparkContext: Running Spark version 3.5.0
25/01/24 10:28:33 INFO SparkContext: OS info Linux, 6.8.0-49-generic, amd64
25/01/24 10:28:33 INFO SparkContext: Java version 11.0.21
25/01/24 10:28:33 INFO ResourceUtils: ==============================================================
25/01/24 10:28:33 INFO ResourceUtils: No custom resources configured for spark.driver.
25/01/24 10:28:33 INFO ResourceUtils: ==============================================================
25/01/24 10:28:33 INFO SparkContext: Submitted application: ste-revision-eval-job
25/01/24 10:28:33 INFO ResourceProfile: Default ResourceProfile created, executor resources: Map(cores -> name: cores, amount: 1, script: , vendor: , memory -> name: memory, amount: 4096, script: , vendor: , offHeap -> name: offHeap, amount: 0, script: , vendor: ), task resources: Map(cpus -> name: cpus, amount: 1.0)
25/01/24 10:28:33 INFO ResourceProfile: Limiting resource is cpus at 1 tasks per executor
25/01/24 10:28:33 INFO ResourceProfileManager: Added ResourceProfile id: 0
25/01/24 10:28:33 INFO SecurityManager: Changing view acls to: spark,lpmg
25/01/24 10:28:33 INFO SecurityManager: Changing modify acls to: spark,lpmg
25/01/24 10:28:33 INFO SecurityManager: Changing view acls groups to: 
25/01/24 10:28:33 INFO SecurityManager: Changing modify acls groups to: 
25/01/24 10:28:33 INFO SecurityManager: SecurityManager: authentication disabled; ui acls disabled; users with view permissions: spark, lpmg; groups with view permissions: EMPTY; users with modify permissions: spark, lpmg; groups with modify permissions: EMPTY
25/01/24 10:28:34 INFO Utils: Successfully started service 'sparkDriver' on port 7078.
25/01/24 10:28:34 INFO SparkEnv: Registering MapOutputTracker
25/01/24 10:28:35 INFO SparkEnv: Registering BlockManagerMaster
25/01/24 10:28:35 INFO BlockManagerMasterEndpoint: Using org.apache.spark.storage.DefaultTopologyMapper for getting topology information
25/01/24 10:28:35 INFO BlockManagerMasterEndpoint: BlockManagerMasterEndpoint up
25/01/24 10:28:35 INFO SparkEnv: Registering BlockManagerMasterHeartbeat
25/01/24 10:28:35 INFO DiskBlockManager: Created local directory at /var/data/spark-97f49cdd-1bd2-4fe9-8572-86e4a5102a4e/blockmgr-eeeaae2c-8882-4312-bc18-0097782bc417
25/01/24 10:28:35 INFO MemoryStore: MemoryStore started with capacity 6.8 GiB
25/01/24 10:28:35 INFO SparkEnv: Registering OutputCommitCoordinator
25/01/24 10:28:35 INFO JettyUtils: Start Jetty 0.0.0.0:4040 for SparkUI
25/01/24 10:28:36 INFO Utils: Successfully started service 'SparkUI' on port 4040.
25/01/24 10:28:36 INFO SparkContext: Added JAR file:/mnt/ceph/storage/data-tmp/current/li83keq/spark-upload/spark-upload-7d4704ac-77c0-4aa2-995a-6667b5cd9ecd/spark-trustworthiness-estimator-assembly-0.1.0.jar at spark://ste-revision-eval-job-3cb8269497d7903d-driver-svc.spark-jobs.svc:7078/jars/spark-trustworthiness-estimator-assembly-0.1.0.jar with timestamp 1737714513392
25/01/24 10:28:36 INFO SparkKubernetesClientFactory: Auto-configuring K8S client using current context from users K8S config file
25/01/24 10:28:40 INFO Utils: Using initial executors = 0, max of spark.dynamicAllocation.initialExecutors, spark.dynamicAllocation.minExecutors and spark.executor.instances
25/01/24 10:28:41 INFO Utils: Successfully started service 'org.apache.spark.network.netty.NettyBlockTransferService' on port 7079.
25/01/24 10:28:41 INFO NettyBlockTransferService: Server created on ste-revision-eval-job-3cb8269497d7903d-driver-svc.spark-jobs.svc 10.23.72.134:7079
25/01/24 10:28:41 INFO BlockManager: Using org.apache.spark.storage.RandomBlockReplicationPolicy for block replication policy
25/01/24 10:28:41 INFO BlockManagerMaster: Registering BlockManager BlockManagerId(driver, ste-revision-eval-job-3cb8269497d7903d-driver-svc.spark-jobs.svc, 7079, None)
25/01/24 10:28:41 INFO BlockManagerMasterEndpoint: Registering block manager ste-revision-eval-job-3cb8269497d7903d-driver-svc.spark-jobs.svc:7079 with 6.8 GiB RAM, BlockManagerId(driver, ste-revision-eval-job-3cb8269497d7903d-driver-svc.spark-jobs.svc, 7079, None)
25/01/24 10:28:41 INFO BlockManagerMaster: Registered BlockManager BlockManagerId(driver, ste-revision-eval-job-3cb8269497d7903d-driver-svc.spark-jobs.svc, 7079, None)
25/01/24 10:28:41 INFO BlockManager: Initialized BlockManager: BlockManagerId(driver, ste-revision-eval-job-3cb8269497d7903d-driver-svc.spark-jobs.svc, 7079, None)
25/01/24 10:28:41 INFO Utils: Using initial executors = 0, max of spark.dynamicAllocation.initialExecutors, spark.dynamicAllocation.minExecutors and spark.executor.instances
25/01/24 10:28:41 INFO ExecutorAllocationManager: Dynamic allocation is enabled without a shuffle service.
25/01/24 10:28:41 INFO KubernetesClusterSchedulerBackend: SchedulerBackend is ready for scheduling beginning after reached minRegisteredResourcesRatio: 0.8
25/01/24 10:28:42 INFO RevisionManager: Loading revisions with Ground Truth data
25/01/24 10:28:42 INFO SharedState: Setting hive.metastore.warehouse.dir ('null') to the value of spark.sql.warehouse.dir.
25/01/24 10:28:42 INFO SharedState: Warehouse path is 'file:/tmp/spark-warehouse'.
25/01/24 10:28:47 INFO InMemoryFileIndex: It took 1638 ms to list leaf files for 1 paths.
25/01/24 10:28:49 INFO SparkContext: Starting job: parquet at RevisionManager.scala:107
25/01/24 10:28:49 INFO DAGScheduler: Got job 0 (parquet at RevisionManager.scala:107) with 1 output partitions
25/01/24 10:28:49 INFO DAGScheduler: Final stage: ResultStage 0 (parquet at RevisionManager.scala:107)
25/01/24 10:28:49 INFO DAGScheduler: Parents of final stage: List()
25/01/24 10:28:49 INFO DAGScheduler: Missing parents: List()
25/01/24 10:28:49 INFO DAGScheduler: Submitting ResultStage 0 (MapPartitionsRDD[1] at parquet at RevisionManager.scala:107), which has no missing parents
25/01/24 10:28:50 INFO MemoryStore: Block broadcast_0 stored as values in memory (estimated size 109.6 KiB, free 6.8 GiB)
25/01/24 10:28:50 INFO MemoryStore: Block broadcast_0_piece0 stored as bytes in memory (estimated size 39.8 KiB, free 6.8 GiB)
25/01/24 10:28:50 INFO BlockManagerInfo: Added broadcast_0_piece0 in memory on ste-revision-eval-job-3cb8269497d7903d-driver-svc.spark-jobs.svc:7079 (size: 39.8 KiB, free: 6.8 GiB)
25/01/24 10:28:50 INFO SparkContext: Created broadcast 0 from broadcast at DAGScheduler.scala:1580
25/01/24 10:28:50 INFO DAGScheduler: Submitting 1 missing tasks from ResultStage 0 (MapPartitionsRDD[1] at parquet at RevisionManager.scala:107) (first 15 tasks are for partitions Vector(0))
25/01/24 10:28:50 INFO TaskSchedulerImpl: Adding task set 0.0 with 1 tasks resource profile 0
25/01/24 10:28:50 INFO ExecutorAllocationManager: Requesting 1 new executor because tasks are backlogged (new desired total will be 1 for resource profile id: 0)
25/01/24 10:28:50 INFO ExecutorPodsAllocator: Going to request 1 executors from Kubernetes for ResourceProfile Id: 0, target: 1, known: 0, sharedSlotFromPendingPods: 2147483647.
25/01/24 10:28:50 INFO ExecutorPodsAllocator: Found 0 reusable PVCs from 0 PVCs
25/01/24 10:28:51 INFO BasicExecutorFeatureStep: Decommissioning not enabled, skipping shutdown script
25/01/24 10:29:04 INFO KubernetesClusterSchedulerBackend$KubernetesDriverEndpoint: No executor found for 10.23.202.109:50338
25/01/24 10:29:05 WARN TaskSchedulerImpl: Initial job has not accepted any resources; check your cluster UI to ensure that workers are registered and have sufficient resources
25/01/24 10:29:06 INFO KubernetesClusterSchedulerBackend$KubernetesDriverEndpoint: Registered executor NettyRpcEndpointRef(spark-client://Executor) (10.23.202.109:50344) with ID 1,  ResourceProfileId 0
25/01/24 10:29:06 INFO ExecutorMonitor: New executor 1 has registered (new total is 1)
25/01/24 10:29:06 INFO BlockManagerMasterEndpoint: Registering block manager 10.23.202.109:39161 with 2.1 GiB RAM, BlockManagerId(1, 10.23.202.109, 39161, None)
25/01/24 10:29:10 INFO TaskSetManager: Starting task 0.0 in stage 0.0 (TID 0) (10.23.202.109, executor 1, partition 0, PROCESS_LOCAL, 8145 bytes) 
25/01/24 10:29:11 INFO BlockManagerInfo: Added broadcast_0_piece0 in memory on 10.23.202.109:39161 (size: 39.8 KiB, free: 2.1 GiB)
25/01/24 10:29:14 INFO TaskSetManager: Finished task 0.0 in stage 0.0 (TID 0) in 3756 ms on 10.23.202.109 (executor 1) (1/1)
25/01/24 10:29:14 INFO TaskSchedulerImpl: Removed TaskSet 0.0, whose tasks have all completed, from pool 
25/01/24 10:29:14 INFO DAGScheduler: ResultStage 0 (parquet at RevisionManager.scala:107) finished in 24.889 s
25/01/24 10:29:14 INFO DAGScheduler: Job 0 is finished. Cancelling potential speculative or zombie tasks for this job
25/01/24 10:29:14 INFO TaskSchedulerImpl: Killing all running tasks in stage 0: Stage finished
25/01/24 10:29:14 INFO DAGScheduler: Job 0 finished: parquet at RevisionManager.scala:107, took 25.174777 s
25/01/24 10:29:15 INFO BlockManagerInfo: Removed broadcast_0_piece0 on ste-revision-eval-job-3cb8269497d7903d-driver-svc.spark-jobs.svc:7079 in memory (size: 39.8 KiB, free: 6.8 GiB)
25/01/24 10:29:15 INFO BlockManagerInfo: Removed broadcast_0_piece0 on 10.23.202.109:39161 in memory (size: 39.8 KiB, free: 2.1 GiB)
25/01/24 10:29:18 INFO FileSourceStrategy: Pushed Filters: 
25/01/24 10:29:18 INFO FileSourceStrategy: Post-Scan Filters: 
25/01/24 10:29:19 INFO CodeGenerator: Code generated in 568.74306 ms
25/01/24 10:29:19 INFO MemoryStore: Block broadcast_1 stored as values in memory (estimated size 211.7 KiB, free 6.8 GiB)
25/01/24 10:29:19 INFO MemoryStore: Block broadcast_1_piece0 stored as bytes in memory (estimated size 37.8 KiB, free 6.8 GiB)
25/01/24 10:29:19 INFO BlockManagerInfo: Added broadcast_1_piece0 in memory on ste-revision-eval-job-3cb8269497d7903d-driver-svc.spark-jobs.svc:7079 (size: 37.8 KiB, free: 6.8 GiB)
25/01/24 10:29:19 INFO SparkContext: Created broadcast 1 from rdd at RevisionManager.scala:110
25/01/24 10:29:20 INFO FileSourceScanExec: Planning scan with bin packing, max size: 134217728 bytes, open cost is considered as scanning 4194304 bytes.
25/01/24 10:29:20 INFO InMemoryFileIndex: It took 60 ms to list leaf files for 1 paths.
25/01/24 10:29:21 INFO InMemoryFileIndex: It took 39 ms to list leaf files for 22 paths.
25/01/24 10:29:26 INFO FileSourceStrategy: Pushed Filters: 
25/01/24 10:29:26 INFO FileSourceStrategy: Post-Scan Filters: (length(trim(value#18, None)) > 0)
25/01/24 10:29:27 INFO CodeGenerator: Code generated in 64.383468 ms
25/01/24 10:29:27 INFO MemoryStore: Block broadcast_2 stored as values in memory (estimated size 209.4 KiB, free 6.8 GiB)
25/01/24 10:29:27 INFO MemoryStore: Block broadcast_2_piece0 stored as bytes in memory (estimated size 37.0 KiB, free 6.8 GiB)
25/01/24 10:29:27 INFO BlockManagerInfo: Added broadcast_2_piece0 in memory on ste-revision-eval-job-3cb8269497d7903d-driver-svc.spark-jobs.svc:7079 (size: 37.0 KiB, free: 6.8 GiB)
25/01/24 10:29:27 INFO SparkContext: Created broadcast 2 from csv at RevisionEvalJob.scala:79
25/01/24 10:29:27 INFO FileSourceScanExec: Planning scan with bin packing, max size: 46611570 bytes, open cost is considered as scanning 4194304 bytes.
25/01/24 10:29:27 INFO SparkContext: Starting job: csv at RevisionEvalJob.scala:79
25/01/24 10:29:27 INFO DAGScheduler: Got job 1 (csv at RevisionEvalJob.scala:79) with 1 output partitions
25/01/24 10:29:27 INFO DAGScheduler: Final stage: ResultStage 1 (csv at RevisionEvalJob.scala:79)
25/01/24 10:29:27 INFO DAGScheduler: Parents of final stage: List()
25/01/24 10:29:27 INFO DAGScheduler: Missing parents: List()
25/01/24 10:29:27 INFO DAGScheduler: Submitting ResultStage 1 (MapPartitionsRDD[13] at csv at RevisionEvalJob.scala:79), which has no missing parents
25/01/24 10:29:27 INFO MemoryStore: Block broadcast_3 stored as values in memory (estimated size 13.5 KiB, free 6.8 GiB)
25/01/24 10:29:27 INFO MemoryStore: Block broadcast_3_piece0 stored as bytes in memory (estimated size 6.4 KiB, free 6.8 GiB)
25/01/24 10:29:27 INFO BlockManagerInfo: Added broadcast_3_piece0 in memory on ste-revision-eval-job-3cb8269497d7903d-driver-svc.spark-jobs.svc:7079 (size: 6.4 KiB, free: 6.8 GiB)
25/01/24 10:29:27 INFO SparkContext: Created broadcast 3 from broadcast at DAGScheduler.scala:1580
25/01/24 10:29:27 INFO DAGScheduler: Submitting 1 missing tasks from ResultStage 1 (MapPartitionsRDD[13] at csv at RevisionEvalJob.scala:79) (first 15 tasks are for partitions Vector(0))
25/01/24 10:29:27 INFO TaskSchedulerImpl: Adding task set 1.0 with 1 tasks resource profile 0
25/01/24 10:29:27 INFO TaskSetManager: Starting task 0.0 in stage 1.0 (TID 1) (10.23.202.109, executor 1, partition 0, PROCESS_LOCAL, 11172 bytes) 
25/01/24 10:29:27 INFO BlockManagerInfo: Added broadcast_3_piece0 in memory on 10.23.202.109:39161 (size: 6.4 KiB, free: 2.1 GiB)
25/01/24 10:29:30 INFO BlockManagerInfo: Added broadcast_2_piece0 in memory on 10.23.202.109:39161 (size: 37.0 KiB, free: 2.1 GiB)
25/01/24 10:29:31 INFO TaskSetManager: Finished task 0.0 in stage 1.0 (TID 1) in 3522 ms on 10.23.202.109 (executor 1) (1/1)
25/01/24 10:29:31 INFO TaskSchedulerImpl: Removed TaskSet 1.0, whose tasks have all completed, from pool 
25/01/24 10:29:31 INFO DAGScheduler: ResultStage 1 (csv at RevisionEvalJob.scala:79) finished in 3.700 s
25/01/24 10:29:31 INFO DAGScheduler: Job 1 is finished. Cancelling potential speculative or zombie tasks for this job
25/01/24 10:29:31 INFO TaskSchedulerImpl: Killing all running tasks in stage 1: Stage finished
25/01/24 10:29:31 INFO DAGScheduler: Job 1 finished: csv at RevisionEvalJob.scala:79, took 3.763050 s
25/01/24 10:29:31 INFO CodeGenerator: Code generated in 49.445407 ms
25/01/24 10:29:31 INFO FileSourceStrategy: Pushed Filters: 
25/01/24 10:29:31 INFO FileSourceStrategy: Post-Scan Filters: 
25/01/24 10:29:31 INFO MemoryStore: Block broadcast_4 stored as values in memory (estimated size 209.4 KiB, free 6.8 GiB)
25/01/24 10:29:31 INFO MemoryStore: Block broadcast_4_piece0 stored as bytes in memory (estimated size 37.0 KiB, free 6.8 GiB)
25/01/24 10:29:31 INFO BlockManagerInfo: Added broadcast_4_piece0 in memory on ste-revision-eval-job-3cb8269497d7903d-driver-svc.spark-jobs.svc:7079 (size: 37.0 KiB, free: 6.8 GiB)
25/01/24 10:29:31 INFO SparkContext: Created broadcast 4 from csv at RevisionEvalJob.scala:79
25/01/24 10:29:31 INFO FileSourceScanExec: Planning scan with bin packing, max size: 46611570 bytes, open cost is considered as scanning 4194304 bytes.
25/01/24 10:29:31 INFO FileSourceStrategy: Pushed Filters: 
25/01/24 10:29:31 INFO FileSourceStrategy: Post-Scan Filters: 
25/01/24 10:29:31 INFO MemoryStore: Block broadcast_5 stored as values in memory (estimated size 209.3 KiB, free 6.8 GiB)
25/01/24 10:29:31 INFO MemoryStore: Block broadcast_5_piece0 stored as bytes in memory (estimated size 36.9 KiB, free 6.8 GiB)
25/01/24 10:29:31 INFO BlockManagerInfo: Added broadcast_5_piece0 in memory on ste-revision-eval-job-3cb8269497d7903d-driver-svc.spark-jobs.svc:7079 (size: 36.9 KiB, free: 6.8 GiB)
25/01/24 10:29:31 INFO SparkContext: Created broadcast 5 from rdd at RevisionEvalJob.scala:85
25/01/24 10:29:31 INFO FileSourceScanExec: Planning scan with bin packing, max size: 46611570 bytes, open cost is considered as scanning 4194304 bytes.
25/01/24 10:29:32 INFO SparkContext: Starting job: collectAsMap at RevisionEvalJob.scala:87
25/01/24 10:29:32 INFO DAGScheduler: Got job 2 (collectAsMap at RevisionEvalJob.scala:87) with 2 output partitions
25/01/24 10:29:32 INFO DAGScheduler: Final stage: ResultStage 2 (collectAsMap at RevisionEvalJob.scala:87)
25/01/24 10:29:32 INFO DAGScheduler: Parents of final stage: List()
25/01/24 10:29:32 INFO DAGScheduler: Missing parents: List()
25/01/24 10:29:32 INFO DAGScheduler: Submitting ResultStage 2 (MapPartitionsRDD[25] at map at RevisionEvalJob.scala:87), which has no missing parents
25/01/24 10:29:32 INFO BlockManagerInfo: Removed broadcast_4_piece0 on ste-revision-eval-job-3cb8269497d7903d-driver-svc.spark-jobs.svc:7079 in memory (size: 37.0 KiB, free: 6.8 GiB)
25/01/24 10:29:32 INFO MemoryStore: Block broadcast_6 stored as values in memory (estimated size 30.1 KiB, free 6.8 GiB)
25/01/24 10:29:32 INFO BlockManagerInfo: Removed broadcast_3_piece0 on ste-revision-eval-job-3cb8269497d7903d-driver-svc.spark-jobs.svc:7079 in memory (size: 6.4 KiB, free: 6.8 GiB)
25/01/24 10:29:32 INFO BlockManagerInfo: Removed broadcast_3_piece0 on 10.23.202.109:39161 in memory (size: 6.4 KiB, free: 2.1 GiB)
25/01/24 10:29:32 INFO MemoryStore: Block broadcast_6_piece0 stored as bytes in memory (estimated size 13.4 KiB, free 6.8 GiB)
25/01/24 10:29:32 INFO BlockManagerInfo: Added broadcast_6_piece0 in memory on ste-revision-eval-job-3cb8269497d7903d-driver-svc.spark-jobs.svc:7079 (size: 13.4 KiB, free: 6.8 GiB)
25/01/24 10:29:32 INFO SparkContext: Created broadcast 6 from broadcast at DAGScheduler.scala:1580
25/01/24 10:29:32 INFO BlockManagerInfo: Removed broadcast_2_piece0 on ste-revision-eval-job-3cb8269497d7903d-driver-svc.spark-jobs.svc:7079 in memory (size: 37.0 KiB, free: 6.8 GiB)
25/01/24 10:29:32 INFO DAGScheduler: Submitting 2 missing tasks from ResultStage 2 (MapPartitionsRDD[25] at map at RevisionEvalJob.scala:87) (first 15 tasks are for partitions Vector(0, 1))
25/01/24 10:29:32 INFO TaskSchedulerImpl: Adding task set 2.0 with 2 tasks resource profile 0
25/01/24 10:29:32 INFO BlockManagerInfo: Removed broadcast_2_piece0 on 10.23.202.109:39161 in memory (size: 37.0 KiB, free: 2.1 GiB)
25/01/24 10:29:32 INFO TaskSetManager: Starting task 0.0 in stage 2.0 (TID 2) (10.23.202.109, executor 1, partition 0, PROCESS_LOCAL, 11172 bytes) 
25/01/24 10:29:32 INFO BlockManagerInfo: Added broadcast_6_piece0 in memory on 10.23.202.109:39161 (size: 13.4 KiB, free: 2.1 GiB)
25/01/24 10:29:33 INFO ExecutorAllocationManager: Requesting 2 new executors because tasks are backlogged (new desired total will be 2 for resource profile id: 0)
25/01/24 10:29:33 INFO ExecutorPodsAllocator: Going to request 1 executors from Kubernetes for ResourceProfile Id: 0, target: 2, known: 1, sharedSlotFromPendingPods: 2147483647.
25/01/24 10:29:33 INFO ExecutorPodsAllocator: Found 0 reusable PVCs from 0 PVCs
25/01/24 10:29:33 INFO BasicExecutorFeatureStep: Decommissioning not enabled, skipping shutdown script
25/01/24 10:29:37 INFO BlockManagerInfo: Added broadcast_5_piece0 in memory on 10.23.202.109:39161 (size: 36.9 KiB, free: 2.1 GiB)
25/01/24 10:29:39 INFO TaskSetManager: Starting task 1.0 in stage 2.0 (TID 3) (10.23.202.109, executor 1, partition 1, PROCESS_LOCAL, 11172 bytes) 
25/01/24 10:29:39 INFO TaskSetManager: Finished task 0.0 in stage 2.0 (TID 2) in 7636 ms on 10.23.202.109 (executor 1) (1/2)
25/01/24 10:29:40 INFO TaskSetManager: Finished task 1.0 in stage 2.0 (TID 3) in 1288 ms on 10.23.202.109 (executor 1) (2/2)
25/01/24 10:29:40 INFO TaskSchedulerImpl: Removed TaskSet 2.0, whose tasks have all completed, from pool 
25/01/24 10:29:40 INFO DAGScheduler: ResultStage 2 (collectAsMap at RevisionEvalJob.scala:87) finished in 8.640 s
25/01/24 10:29:40 INFO DAGScheduler: Job 2 is finished. Cancelling potential speculative or zombie tasks for this job
25/01/24 10:29:40 INFO TaskSchedulerImpl: Killing all running tasks in stage 2: Stage finished
25/01/24 10:29:40 INFO DAGScheduler: Job 2 finished: collectAsMap at RevisionEvalJob.scala:87, took 8.756699 s
25/01/24 10:29:42 INFO BlockManagerInfo: Removed broadcast_6_piece0 on ste-revision-eval-job-3cb8269497d7903d-driver-svc.spark-jobs.svc:7079 in memory (size: 13.4 KiB, free: 6.8 GiB)
25/01/24 10:29:42 INFO BlockManagerInfo: Removed broadcast_6_piece0 on 10.23.202.109:39161 in memory (size: 13.4 KiB, free: 2.1 GiB)
25/01/24 10:29:42 INFO FileOutputCommitter: File Output Committer Algorithm version is 1
25/01/24 10:29:42 INFO FileOutputCommitter: FileOutputCommitter skip cleanup _temporary folders under output directory:false, ignore cleanup failures: false
25/01/24 10:29:42 INFO SQLHadoopMapReduceCommitProtocol: Using output committer class org.apache.hadoop.mapreduce.lib.output.FileOutputCommitter
25/01/24 10:29:42 INFO CodeGenerator: Code generated in 91.893535 ms
25/01/24 10:29:43 INFO SparkContext: Starting job: csv at RevisionEvalJob.scala:135
25/01/24 10:29:43 INFO DAGScheduler: Got job 3 (csv at RevisionEvalJob.scala:135) with 23 output partitions
25/01/24 10:29:43 INFO DAGScheduler: Final stage: ResultStage 3 (csv at RevisionEvalJob.scala:135)
25/01/24 10:29:43 INFO DAGScheduler: Parents of final stage: List()
25/01/24 10:29:43 INFO DAGScheduler: Missing parents: List()
25/01/24 10:29:43 INFO DAGScheduler: Submitting ResultStage 3 (MapPartitionsRDD[31] at csv at RevisionEvalJob.scala:135), which has no missing parents
25/01/24 10:29:43 WARN DAGScheduler: Broadcasting large task binary with size 1507.0 KiB
25/01/24 10:29:43 INFO MemoryStore: Block broadcast_7 stored as values in memory (estimated size 1507.1 KiB, free 6.8 GiB)
25/01/24 10:29:43 INFO MemoryStore: Block broadcast_7_piece0 stored as bytes in memory (estimated size 629.9 KiB, free 6.8 GiB)
25/01/24 10:29:43 INFO BlockManagerInfo: Added broadcast_7_piece0 in memory on ste-revision-eval-job-3cb8269497d7903d-driver-svc.spark-jobs.svc:7079 (size: 629.9 KiB, free: 6.8 GiB)
25/01/24 10:29:43 INFO SparkContext: Created broadcast 7 from broadcast at DAGScheduler.scala:1580
25/01/24 10:29:43 INFO DAGScheduler: Submitting 23 missing tasks from ResultStage 3 (MapPartitionsRDD[31] at csv at RevisionEvalJob.scala:135) (first 15 tasks are for partitions Vector(0, 1, 2, 3, 4, 5, 6, 7, 8, 9, 10, 11, 12, 13, 14))
25/01/24 10:29:43 INFO TaskSchedulerImpl: Adding task set 3.0 with 23 tasks resource profile 0
25/01/24 10:29:43 INFO TaskSetManager: Starting task 0.0 in stage 3.0 (TID 4) (10.23.202.109, executor 1, partition 0, PROCESS_LOCAL, 16464 bytes) 
25/01/24 10:29:43 INFO BlockManagerInfo: Added broadcast_7_piece0 in memory on 10.23.202.109:39161 (size: 629.9 KiB, free: 2.1 GiB)
25/01/24 10:29:44 INFO ExecutorAllocationManager: Requesting 2 new executors because tasks are backlogged (new desired total will be 2 for resource profile id: 0)
25/01/24 10:29:45 INFO BlockManagerInfo: Added broadcast_1_piece0 in memory on 10.23.202.109:39161 (size: 37.8 KiB, free: 2.1 GiB)
25/01/24 10:29:45 INFO ExecutorAllocationManager: Requesting 1 new executor because tasks are backlogged (new desired total will be 3 for resource profile id: 0)
25/01/24 10:29:45 INFO ExecutorPodsAllocator: Going to request 1 executors from Kubernetes for ResourceProfile Id: 0, target: 3, known: 2, sharedSlotFromPendingPods: 2147483647.
25/01/24 10:29:45 INFO ExecutorPodsAllocator: Found 0 reusable PVCs from 0 PVCs
25/01/24 10:29:45 INFO BasicExecutorFeatureStep: Decommissioning not enabled, skipping shutdown script
25/01/24 10:29:46 INFO ExecutorAllocationManager: Requesting 2 new executors because tasks are backlogged (new desired total will be 5 for resource profile id: 0)
25/01/24 10:29:46 INFO ExecutorPodsAllocator: Going to request 2 executors from Kubernetes for ResourceProfile Id: 0, target: 5, known: 3, sharedSlotFromPendingPods: 2147483646.
25/01/24 10:29:46 INFO ExecutorPodsAllocator: Found 0 reusable PVCs from 0 PVCs
25/01/24 10:29:46 INFO BasicExecutorFeatureStep: Decommissioning not enabled, skipping shutdown script
25/01/24 10:29:46 INFO BasicExecutorFeatureStep: Decommissioning not enabled, skipping shutdown script
25/01/24 10:29:46 INFO KubernetesClusterSchedulerBackend$KubernetesDriverEndpoint: No executor found for 10.23.148.204:44868
25/01/24 10:29:47 INFO ExecutorAllocationManager: Requesting 4 new executors because tasks are backlogged (new desired total will be 9 for resource profile id: 0)
25/01/24 10:29:47 INFO ExecutorPodsAllocator: Going to request 4 executors from Kubernetes for ResourceProfile Id: 0, target: 9, known: 5, sharedSlotFromPendingPods: 2147483644.
25/01/24 10:29:47 INFO ExecutorPodsAllocator: Found 0 reusable PVCs from 0 PVCs
25/01/24 10:29:47 INFO BasicExecutorFeatureStep: Decommissioning not enabled, skipping shutdown script
25/01/24 10:29:47 INFO BasicExecutorFeatureStep: Decommissioning not enabled, skipping shutdown script
25/01/24 10:29:47 INFO BasicExecutorFeatureStep: Decommissioning not enabled, skipping shutdown script
25/01/24 10:29:47 INFO BasicExecutorFeatureStep: Decommissioning not enabled, skipping shutdown script
25/01/24 10:29:48 INFO ExecutorAllocationManager: Requesting 8 new executors because tasks are backlogged (new desired total will be 17 for resource profile id: 0)
25/01/24 10:29:48 INFO KubernetesClusterSchedulerBackend$KubernetesDriverEndpoint: Registered executor NettyRpcEndpointRef(spark-client://Executor) (10.23.148.204:44876) with ID 2,  ResourceProfileId 0
25/01/24 10:29:48 INFO ExecutorMonitor: New executor 2 has registered (new total is 2)
25/01/24 10:29:48 INFO BlockManagerMasterEndpoint: Registering block manager 10.23.148.204:40647 with 2.1 GiB RAM, BlockManagerId(2, 10.23.148.204, 40647, None)
25/01/24 10:29:48 INFO ExecutorPodsAllocator: Going to request 5 executors from Kubernetes for ResourceProfile Id: 0, target: 17, known: 9, sharedSlotFromPendingPods: 2147483640.
25/01/24 10:29:48 INFO ExecutorPodsAllocator: Found 0 reusable PVCs from 0 PVCs
25/01/24 10:29:48 INFO BasicExecutorFeatureStep: Decommissioning not enabled, skipping shutdown script
25/01/24 10:29:48 INFO BasicExecutorFeatureStep: Decommissioning not enabled, skipping shutdown script
25/01/24 10:29:48 INFO BasicExecutorFeatureStep: Decommissioning not enabled, skipping shutdown script
25/01/24 10:29:49 INFO BasicExecutorFeatureStep: Decommissioning not enabled, skipping shutdown script
25/01/24 10:29:49 INFO ExecutorAllocationManager: Requesting 6 new executors because tasks are backlogged (new desired total will be 23 for resource profile id: 0)
25/01/24 10:29:49 INFO BasicExecutorFeatureStep: Decommissioning not enabled, skipping shutdown script
25/01/24 10:29:50 INFO TaskSetManager: Starting task 1.0 in stage 3.0 (TID 5) (10.23.202.109, executor 1, partition 1, PROCESS_LOCAL, 16464 bytes) 
25/01/24 10:29:50 WARN TaskSetManager: Lost task 0.0 in stage 3.0 (TID 4) (10.23.202.109 executor 1): org.apache.spark.SparkException: [TASK_WRITE_FAILED] Task failed while writing rows to file:/mnt/ceph/storage/data-in-progress/data-teaching/theses/thesis-grumbach/data5/probabilities-third-party-2025-01-24T10-28-33Z.
	at org.apache.spark.sql.errors.QueryExecutionErrors$.taskFailedWhileWritingRowsError(QueryExecutionErrors.scala:774)
	at org.apache.spark.sql.execution.datasources.FileFormatWriter$.executeTask(FileFormatWriter.scala:420)
	at org.apache.spark.sql.execution.datasources.WriteFilesExec.$anonfun$doExecuteWrite$1(WriteFiles.scala:100)
	at org.apache.spark.rdd.RDD.$anonfun$mapPartitionsInternal$2(RDD.scala:890)
	at org.apache.spark.rdd.RDD.$anonfun$mapPartitionsInternal$2$adapted(RDD.scala:890)
	at org.apache.spark.rdd.MapPartitionsRDD.compute(MapPartitionsRDD.scala:52)
	at org.apache.spark.rdd.RDD.computeOrReadCheckpoint(RDD.scala:364)
	at org.apache.spark.rdd.RDD.iterator(RDD.scala:328)
	at org.apache.spark.scheduler.ResultTask.runTask(ResultTask.scala:93)
	at org.apache.spark.TaskContext.runTaskWithListeners(TaskContext.scala:161)
	at org.apache.spark.scheduler.Task.run(Task.scala:141)
	at org.apache.spark.executor.Executor$TaskRunner.$anonfun$run$4(Executor.scala:620)
	at org.apache.spark.util.SparkErrorUtils.tryWithSafeFinally(SparkErrorUtils.scala:64)
	at org.apache.spark.util.SparkErrorUtils.tryWithSafeFinally$(SparkErrorUtils.scala:61)
	at org.apache.spark.util.Utils$.tryWithSafeFinally(Utils.scala:94)
	at org.apache.spark.executor.Executor$TaskRunner.run(Executor.scala:623)
	at java.base/java.util.concurrent.ThreadPoolExecutor.runWorker(Unknown Source)
	at java.base/java.util.concurrent.ThreadPoolExecutor$Worker.run(Unknown Source)
	at java.base/java.lang.Thread.run(Unknown Source)
Caused by: java.lang.IllegalArgumentException: requirement failed: The probabilities dont add up to 1.0! NaN + NaN
	at scala.Predef$.require(Predef.scala:281)
	at me.lpmg.ste.types.TemplateProbabilityVector$.apply(TemplateProbabilityVector.scala:48)
	at me.lpmg.ste.algorithms.ProbabilityHandler$.weightedCombination(ProbabilityHandler.scala:113)
	at me.lpmg.ste.jobs.RevisionEvalJob$.$anonfun$main$3(RevisionEvalJob.scala:112)
	at scala.collection.Iterator$$anon$10.next(Iterator.scala:461)
	at scala.collection.Iterator$$anon$12.hasNext(Iterator.scala:514)
	at scala.collection.Iterator$$anon$10.hasNext(Iterator.scala:460)
	at scala.collection.Iterator$$anon$10.hasNext(Iterator.scala:460)
	at org.apache.spark.sql.catalyst.expressions.GeneratedClass$GeneratedIteratorForCodegenStage1.processNext(Unknown Source)
	at org.apache.spark.sql.execution.BufferedRowIterator.hasNext(BufferedRowIterator.java:43)
	at org.apache.spark.sql.execution.WholeStageCodegenEvaluatorFactory$WholeStageCodegenPartitionEvaluator$$anon$1.hasNext(WholeStageCodegenEvaluatorFactory.scala:43)
	at org.apache.spark.sql.execution.datasources.FileFormatDataWriter.writeWithIterator(FileFormatDataWriter.scala:91)
	at org.apache.spark.sql.execution.datasources.FileFormatWriter$.$anonfun$executeTask$1(FileFormatWriter.scala:403)
	at org.apache.spark.util.Utils$.tryWithSafeFinallyAndFailureCallbacks(Utils.scala:1397)
	at org.apache.spark.sql.execution.datasources.FileFormatWriter$.executeTask(FileFormatWriter.scala:410)
	... 17 more

25/01/24 10:29:50 INFO ExecutorPodsAllocator: Going to request 5 executors from Kubernetes for ResourceProfile Id: 0, target: 23, known: 14, sharedSlotFromPendingPods: 2147483636.
25/01/24 10:29:50 INFO ExecutorPodsAllocator: Found 0 reusable PVCs from 0 PVCs
25/01/24 10:29:50 INFO BasicExecutorFeatureStep: Decommissioning not enabled, skipping shutdown script
25/01/24 10:29:50 INFO BasicExecutorFeatureStep: Decommissioning not enabled, skipping shutdown script
25/01/24 10:29:50 INFO TaskSetManager: Starting task 0.1 in stage 3.0 (TID 6) (10.23.202.109, executor 1, partition 0, PROCESS_LOCAL, 16464 bytes) 
25/01/24 10:29:50 INFO TaskSetManager: Lost task 1.0 in stage 3.0 (TID 5) on 10.23.202.109, executor 1: org.apache.spark.SparkException ([TASK_WRITE_FAILED] Task failed while writing rows to file:/mnt/ceph/storage/data-in-progress/data-teaching/theses/thesis-grumbach/data5/probabilities-third-party-2025-01-24T10-28-33Z.) [duplicate 1]
25/01/24 10:29:50 INFO BasicExecutorFeatureStep: Decommissioning not enabled, skipping shutdown script
25/01/24 10:29:50 INFO BasicExecutorFeatureStep: Decommissioning not enabled, skipping shutdown script
25/01/24 10:29:50 INFO BasicExecutorFeatureStep: Decommissioning not enabled, skipping shutdown script
25/01/24 10:29:52 INFO ExecutorPodsAllocator: Going to request 4 executors from Kubernetes for ResourceProfile Id: 0, target: 23, known: 19, sharedSlotFromPendingPods: 2147483634.
25/01/24 10:29:52 INFO ExecutorPodsAllocator: Found 0 reusable PVCs from 0 PVCs
25/01/24 10:29:52 INFO BasicExecutorFeatureStep: Decommissioning not enabled, skipping shutdown script
25/01/24 10:29:52 INFO BasicExecutorFeatureStep: Decommissioning not enabled, skipping shutdown script
25/01/24 10:29:52 INFO TaskSetManager: Starting task 1.1 in stage 3.0 (TID 7) (10.23.202.109, executor 1, partition 1, PROCESS_LOCAL, 16464 bytes) 
25/01/24 10:29:52 INFO TaskSetManager: Lost task 0.1 in stage 3.0 (TID 6) on 10.23.202.109, executor 1: org.apache.spark.SparkException ([TASK_WRITE_FAILED] Task failed while writing rows to file:/mnt/ceph/storage/data-in-progress/data-teaching/theses/thesis-grumbach/data5/probabilities-third-party-2025-01-24T10-28-33Z.) [duplicate 2]
25/01/24 10:29:52 INFO BasicExecutorFeatureStep: Decommissioning not enabled, skipping shutdown script
25/01/24 10:29:52 INFO BasicExecutorFeatureStep: Decommissioning not enabled, skipping shutdown script
25/01/24 10:29:52 INFO TaskSetManager: Starting task 0.2 in stage 3.0 (TID 8) (10.23.202.109, executor 1, partition 0, PROCESS_LOCAL, 16464 bytes) 
25/01/24 10:29:52 INFO TaskSetManager: Lost task 1.1 in stage 3.0 (TID 7) on 10.23.202.109, executor 1: org.apache.spark.SparkException ([TASK_WRITE_FAILED] Task failed while writing rows to file:/mnt/ceph/storage/data-in-progress/data-teaching/theses/thesis-grumbach/data5/probabilities-third-party-2025-01-24T10-28-33Z.) [duplicate 3]
25/01/24 10:29:53 INFO TaskSetManager: Starting task 1.2 in stage 3.0 (TID 9) (10.23.148.204, executor 2, partition 1, PROCESS_LOCAL, 16464 bytes) 
25/01/24 10:29:54 INFO TaskSetManager: Starting task 2.0 in stage 3.0 (TID 10) (10.23.202.109, executor 1, partition 2, PROCESS_LOCAL, 16464 bytes) 
25/01/24 10:29:54 INFO TaskSetManager: Lost task 0.2 in stage 3.0 (TID 8) on 10.23.202.109, executor 1: org.apache.spark.SparkException ([TASK_WRITE_FAILED] Task failed while writing rows to file:/mnt/ceph/storage/data-in-progress/data-teaching/theses/thesis-grumbach/data5/probabilities-third-party-2025-01-24T10-28-33Z.) [duplicate 4]
25/01/24 10:29:54 INFO BlockManagerInfo: Added broadcast_7_piece0 in memory on 10.23.148.204:40647 (size: 629.9 KiB, free: 2.1 GiB)
25/01/24 10:29:54 INFO TaskSetManager: Starting task 0.3 in stage 3.0 (TID 11) (10.23.202.109, executor 1, partition 0, PROCESS_LOCAL, 16464 bytes) 
25/01/24 10:29:54 INFO TaskSetManager: Lost task 2.0 in stage 3.0 (TID 10) on 10.23.202.109, executor 1: org.apache.spark.SparkException ([TASK_WRITE_FAILED] Task failed while writing rows to file:/mnt/ceph/storage/data-in-progress/data-teaching/theses/thesis-grumbach/data5/probabilities-third-party-2025-01-24T10-28-33Z.) [duplicate 5]
25/01/24 10:29:55 INFO TaskSetManager: Starting task 2.1 in stage 3.0 (TID 12) (10.23.202.109, executor 1, partition 2, PROCESS_LOCAL, 16464 bytes) 
25/01/24 10:29:55 INFO TaskSetManager: Lost task 0.3 in stage 3.0 (TID 11) on 10.23.202.109, executor 1: org.apache.spark.SparkException ([TASK_WRITE_FAILED] Task failed while writing rows to file:/mnt/ceph/storage/data-in-progress/data-teaching/theses/thesis-grumbach/data5/probabilities-third-party-2025-01-24T10-28-33Z.) [duplicate 6]
25/01/24 10:29:55 ERROR TaskSetManager: Task 0 in stage 3.0 failed 4 times; aborting job
25/01/24 10:29:55 INFO TaskSchedulerImpl: Cancelling stage 3
25/01/24 10:29:55 INFO TaskSchedulerImpl: Killing all running tasks in stage 3: Stage cancelled: Job aborted due to stage failure: Task 0 in stage 3.0 failed 4 times, most recent failure: Lost task 0.3 in stage 3.0 (TID 11) (10.23.202.109 executor 1): org.apache.spark.SparkException: [TASK_WRITE_FAILED] Task failed while writing rows to file:/mnt/ceph/storage/data-in-progress/data-teaching/theses/thesis-grumbach/data5/probabilities-third-party-2025-01-24T10-28-33Z.
	at org.apache.spark.sql.errors.QueryExecutionErrors$.taskFailedWhileWritingRowsError(QueryExecutionErrors.scala:774)
	at org.apache.spark.sql.execution.datasources.FileFormatWriter$.executeTask(FileFormatWriter.scala:420)
	at org.apache.spark.sql.execution.datasources.WriteFilesExec.$anonfun$doExecuteWrite$1(WriteFiles.scala:100)
	at org.apache.spark.rdd.RDD.$anonfun$mapPartitionsInternal$2(RDD.scala:890)
	at org.apache.spark.rdd.RDD.$anonfun$mapPartitionsInternal$2$adapted(RDD.scala:890)
	at org.apache.spark.rdd.MapPartitionsRDD.compute(MapPartitionsRDD.scala:52)
	at org.apache.spark.rdd.RDD.computeOrReadCheckpoint(RDD.scala:364)
	at org.apache.spark.rdd.RDD.iterator(RDD.scala:328)
	at org.apache.spark.scheduler.ResultTask.runTask(ResultTask.scala:93)
	at org.apache.spark.TaskContext.runTaskWithListeners(TaskContext.scala:161)
	at org.apache.spark.scheduler.Task.run(Task.scala:141)
	at org.apache.spark.executor.Executor$TaskRunner.$anonfun$run$4(Executor.scala:620)
	at org.apache.spark.util.SparkErrorUtils.tryWithSafeFinally(SparkErrorUtils.scala:64)
	at org.apache.spark.util.SparkErrorUtils.tryWithSafeFinally$(SparkErrorUtils.scala:61)
	at org.apache.spark.util.Utils$.tryWithSafeFinally(Utils.scala:94)
	at org.apache.spark.executor.Executor$TaskRunner.run(Executor.scala:623)
	at java.base/java.util.concurrent.ThreadPoolExecutor.runWorker(Unknown Source)
	at java.base/java.util.concurrent.ThreadPoolExecutor$Worker.run(Unknown Source)
	at java.base/java.lang.Thread.run(Unknown Source)
Caused by: java.lang.IllegalArgumentException: requirement failed: The probabilities dont add up to 1.0! NaN + NaN
	at scala.Predef$.require(Predef.scala:281)
	at me.lpmg.ste.types.TemplateProbabilityVector$.apply(TemplateProbabilityVector.scala:48)
	at me.lpmg.ste.algorithms.ProbabilityHandler$.weightedCombination(ProbabilityHandler.scala:113)
	at me.lpmg.ste.jobs.RevisionEvalJob$.$anonfun$main$3(RevisionEvalJob.scala:112)
	at scala.collection.Iterator$$anon$10.next(Iterator.scala:461)
	at scala.collection.Iterator$$anon$12.hasNext(Iterator.scala:514)
	at scala.collection.Iterator$$anon$10.hasNext(Iterator.scala:460)
	at scala.collection.Iterator$$anon$10.hasNext(Iterator.scala:460)
	at org.apache.spark.sql.catalyst.expressions.GeneratedClass$GeneratedIteratorForCodegenStage1.processNext(Unknown Source)
	at org.apache.spark.sql.execution.BufferedRowIterator.hasNext(BufferedRowIterator.java:43)
	at org.apache.spark.sql.execution.WholeStageCodegenEvaluatorFactory$WholeStageCodegenPartitionEvaluator$$anon$1.hasNext(WholeStageCodegenEvaluatorFactory.scala:43)
	at org.apache.spark.sql.execution.datasources.FileFormatDataWriter.writeWithIterator(FileFormatDataWriter.scala:91)
	at org.apache.spark.sql.execution.datasources.FileFormatWriter$.$anonfun$executeTask$1(FileFormatWriter.scala:403)
	at org.apache.spark.util.Utils$.tryWithSafeFinallyAndFailureCallbacks(Utils.scala:1397)
	at org.apache.spark.sql.execution.datasources.FileFormatWriter$.executeTask(FileFormatWriter.scala:410)
	... 17 more

Driver stacktrace:
25/01/24 10:29:55 INFO TaskSchedulerImpl: Stage 3 was cancelled
25/01/24 10:29:55 INFO DAGScheduler: ResultStage 3 (csv at RevisionEvalJob.scala:135) failed in 12.823 s due to Job aborted due to stage failure: Task 0 in stage 3.0 failed 4 times, most recent failure: Lost task 0.3 in stage 3.0 (TID 11) (10.23.202.109 executor 1): org.apache.spark.SparkException: [TASK_WRITE_FAILED] Task failed while writing rows to file:/mnt/ceph/storage/data-in-progress/data-teaching/theses/thesis-grumbach/data5/probabilities-third-party-2025-01-24T10-28-33Z.
	at org.apache.spark.sql.errors.QueryExecutionErrors$.taskFailedWhileWritingRowsError(QueryExecutionErrors.scala:774)
	at org.apache.spark.sql.execution.datasources.FileFormatWriter$.executeTask(FileFormatWriter.scala:420)
	at org.apache.spark.sql.execution.datasources.WriteFilesExec.$anonfun$doExecuteWrite$1(WriteFiles.scala:100)
	at org.apache.spark.rdd.RDD.$anonfun$mapPartitionsInternal$2(RDD.scala:890)
	at org.apache.spark.rdd.RDD.$anonfun$mapPartitionsInternal$2$adapted(RDD.scala:890)
	at org.apache.spark.rdd.MapPartitionsRDD.compute(MapPartitionsRDD.scala:52)
	at org.apache.spark.rdd.RDD.computeOrReadCheckpoint(RDD.scala:364)
	at org.apache.spark.rdd.RDD.iterator(RDD.scala:328)
	at org.apache.spark.scheduler.ResultTask.runTask(ResultTask.scala:93)
	at org.apache.spark.TaskContext.runTaskWithListeners(TaskContext.scala:161)
	at org.apache.spark.scheduler.Task.run(Task.scala:141)
	at org.apache.spark.executor.Executor$TaskRunner.$anonfun$run$4(Executor.scala:620)
	at org.apache.spark.util.SparkErrorUtils.tryWithSafeFinally(SparkErrorUtils.scala:64)
	at org.apache.spark.util.SparkErrorUtils.tryWithSafeFinally$(SparkErrorUtils.scala:61)
	at org.apache.spark.util.Utils$.tryWithSafeFinally(Utils.scala:94)
	at org.apache.spark.executor.Executor$TaskRunner.run(Executor.scala:623)
	at java.base/java.util.concurrent.ThreadPoolExecutor.runWorker(Unknown Source)
	at java.base/java.util.concurrent.ThreadPoolExecutor$Worker.run(Unknown Source)
	at java.base/java.lang.Thread.run(Unknown Source)
Caused by: java.lang.IllegalArgumentException: requirement failed: The probabilities dont add up to 1.0! NaN + NaN
	at scala.Predef$.require(Predef.scala:281)
	at me.lpmg.ste.types.TemplateProbabilityVector$.apply(TemplateProbabilityVector.scala:48)
	at me.lpmg.ste.algorithms.ProbabilityHandler$.weightedCombination(ProbabilityHandler.scala:113)
	at me.lpmg.ste.jobs.RevisionEvalJob$.$anonfun$main$3(RevisionEvalJob.scala:112)
	at scala.collection.Iterator$$anon$10.next(Iterator.scala:461)
	at scala.collection.Iterator$$anon$12.hasNext(Iterator.scala:514)
	at scala.collection.Iterator$$anon$10.hasNext(Iterator.scala:460)
	at scala.collection.Iterator$$anon$10.hasNext(Iterator.scala:460)
	at org.apache.spark.sql.catalyst.expressions.GeneratedClass$GeneratedIteratorForCodegenStage1.processNext(Unknown Source)
	at org.apache.spark.sql.execution.BufferedRowIterator.hasNext(BufferedRowIterator.java:43)
	at org.apache.spark.sql.execution.WholeStageCodegenEvaluatorFactory$WholeStageCodegenPartitionEvaluator$$anon$1.hasNext(WholeStageCodegenEvaluatorFactory.scala:43)
	at org.apache.spark.sql.execution.datasources.FileFormatDataWriter.writeWithIterator(FileFormatDataWriter.scala:91)
	at org.apache.spark.sql.execution.datasources.FileFormatWriter$.$anonfun$executeTask$1(FileFormatWriter.scala:403)
	at org.apache.spark.util.Utils$.tryWithSafeFinallyAndFailureCallbacks(Utils.scala:1397)
	at org.apache.spark.sql.execution.datasources.FileFormatWriter$.executeTask(FileFormatWriter.scala:410)
	... 17 more

Driver stacktrace:
25/01/24 10:29:55 INFO DAGScheduler: Job 3 failed: csv at RevisionEvalJob.scala:135, took 12.865955 s
25/01/24 10:29:55 ERROR FileFormatWriter: Aborting job 79be5188-b59a-47f8-8cd2-dbf79899e0f0.
org.apache.spark.SparkException: Job aborted due to stage failure: Task 0 in stage 3.0 failed 4 times, most recent failure: Lost task 0.3 in stage 3.0 (TID 11) (10.23.202.109 executor 1): org.apache.spark.SparkException: [TASK_WRITE_FAILED] Task failed while writing rows to file:/mnt/ceph/storage/data-in-progress/data-teaching/theses/thesis-grumbach/data5/probabilities-third-party-2025-01-24T10-28-33Z.
	at org.apache.spark.sql.errors.QueryExecutionErrors$.taskFailedWhileWritingRowsError(QueryExecutionErrors.scala:774)
	at org.apache.spark.sql.execution.datasources.FileFormatWriter$.executeTask(FileFormatWriter.scala:420)
	at org.apache.spark.sql.execution.datasources.WriteFilesExec.$anonfun$doExecuteWrite$1(WriteFiles.scala:100)
	at org.apache.spark.rdd.RDD.$anonfun$mapPartitionsInternal$2(RDD.scala:890)
	at org.apache.spark.rdd.RDD.$anonfun$mapPartitionsInternal$2$adapted(RDD.scala:890)
	at org.apache.spark.rdd.MapPartitionsRDD.compute(MapPartitionsRDD.scala:52)
	at org.apache.spark.rdd.RDD.computeOrReadCheckpoint(RDD.scala:364)
	at org.apache.spark.rdd.RDD.iterator(RDD.scala:328)
	at org.apache.spark.scheduler.ResultTask.runTask(ResultTask.scala:93)
	at org.apache.spark.TaskContext.runTaskWithListeners(TaskContext.scala:161)
	at org.apache.spark.scheduler.Task.run(Task.scala:141)
	at org.apache.spark.executor.Executor$TaskRunner.$anonfun$run$4(Executor.scala:620)
	at org.apache.spark.util.SparkErrorUtils.tryWithSafeFinally(SparkErrorUtils.scala:64)
	at org.apache.spark.util.SparkErrorUtils.tryWithSafeFinally$(SparkErrorUtils.scala:61)
	at org.apache.spark.util.Utils$.tryWithSafeFinally(Utils.scala:94)
	at org.apache.spark.executor.Executor$TaskRunner.run(Executor.scala:623)
	at java.base/java.util.concurrent.ThreadPoolExecutor.runWorker(Unknown Source)
	at java.base/java.util.concurrent.ThreadPoolExecutor$Worker.run(Unknown Source)
	at java.base/java.lang.Thread.run(Unknown Source)
Caused by: java.lang.IllegalArgumentException: requirement failed: The probabilities dont add up to 1.0! NaN + NaN
	at scala.Predef$.require(Predef.scala:281)
	at me.lpmg.ste.types.TemplateProbabilityVector$.apply(TemplateProbabilityVector.scala:48)
	at me.lpmg.ste.algorithms.ProbabilityHandler$.weightedCombination(ProbabilityHandler.scala:113)
	at me.lpmg.ste.jobs.RevisionEvalJob$.$anonfun$main$3(RevisionEvalJob.scala:112)
	at scala.collection.Iterator$$anon$10.next(Iterator.scala:461)
	at scala.collection.Iterator$$anon$12.hasNext(Iterator.scala:514)
	at scala.collection.Iterator$$anon$10.hasNext(Iterator.scala:460)
	at scala.collection.Iterator$$anon$10.hasNext(Iterator.scala:460)
	at org.apache.spark.sql.catalyst.expressions.GeneratedClass$GeneratedIteratorForCodegenStage1.processNext(Unknown Source)
	at org.apache.spark.sql.execution.BufferedRowIterator.hasNext(BufferedRowIterator.java:43)
	at org.apache.spark.sql.execution.WholeStageCodegenEvaluatorFactory$WholeStageCodegenPartitionEvaluator$$anon$1.hasNext(WholeStageCodegenEvaluatorFactory.scala:43)
	at org.apache.spark.sql.execution.datasources.FileFormatDataWriter.writeWithIterator(FileFormatDataWriter.scala:91)
	at org.apache.spark.sql.execution.datasources.FileFormatWriter$.$anonfun$executeTask$1(FileFormatWriter.scala:403)
	at org.apache.spark.util.Utils$.tryWithSafeFinallyAndFailureCallbacks(Utils.scala:1397)
	at org.apache.spark.sql.execution.datasources.FileFormatWriter$.executeTask(FileFormatWriter.scala:410)
	... 17 more

Driver stacktrace:
	at org.apache.spark.scheduler.DAGScheduler.failJobAndIndependentStages(DAGScheduler.scala:2844)
	at org.apache.spark.scheduler.DAGScheduler.$anonfun$abortStage$2(DAGScheduler.scala:2780)
	at org.apache.spark.scheduler.DAGScheduler.$anonfun$abortStage$2$adapted(DAGScheduler.scala:2779)
	at scala.collection.mutable.ResizableArray.foreach(ResizableArray.scala:62)
	at scala.collection.mutable.ResizableArray.foreach$(ResizableArray.scala:55)
	at scala.collection.mutable.ArrayBuffer.foreach(ArrayBuffer.scala:49)
	at org.apache.spark.scheduler.DAGScheduler.abortStage(DAGScheduler.scala:2779)
	at org.apache.spark.scheduler.DAGScheduler.$anonfun$handleTaskSetFailed$1(DAGScheduler.scala:1242)
	at org.apache.spark.scheduler.DAGScheduler.$anonfun$handleTaskSetFailed$1$adapted(DAGScheduler.scala:1242)
	at scala.Option.foreach(Option.scala:407)
	at org.apache.spark.scheduler.DAGScheduler.handleTaskSetFailed(DAGScheduler.scala:1242)
	at org.apache.spark.scheduler.DAGSchedulerEventProcessLoop.doOnReceive(DAGScheduler.scala:3048)
	at org.apache.spark.scheduler.DAGSchedulerEventProcessLoop.onReceive(DAGScheduler.scala:2982)
	at org.apache.spark.scheduler.DAGSchedulerEventProcessLoop.onReceive(DAGScheduler.scala:2971)
	at org.apache.spark.util.EventLoop$$anon$1.run(EventLoop.scala:49)
	at org.apache.spark.scheduler.DAGScheduler.runJob(DAGScheduler.scala:984)
	at org.apache.spark.SparkContext.runJob(SparkContext.scala:2398)
	at org.apache.spark.sql.execution.datasources.FileFormatWriter$.$anonfun$executeWrite$4(FileFormatWriter.scala:307)
	at org.apache.spark.sql.execution.datasources.FileFormatWriter$.writeAndCommit(FileFormatWriter.scala:271)
	at org.apache.spark.sql.execution.datasources.FileFormatWriter$.executeWrite(FileFormatWriter.scala:304)
	at org.apache.spark.sql.execution.datasources.FileFormatWriter$.write(FileFormatWriter.scala:190)
	at org.apache.spark.sql.execution.datasources.InsertIntoHadoopFsRelationCommand.run(InsertIntoHadoopFsRelationCommand.scala:190)
	at org.apache.spark.sql.execution.command.DataWritingCommandExec.sideEffectResult$lzycompute(commands.scala:113)
	at org.apache.spark.sql.execution.command.DataWritingCommandExec.sideEffectResult(commands.scala:111)
	at org.apache.spark.sql.execution.command.DataWritingCommandExec.executeCollect(commands.scala:125)
	at org.apache.spark.sql.execution.QueryExecution$$anonfun$eagerlyExecuteCommands$1.$anonfun$applyOrElse$1(QueryExecution.scala:107)
	at org.apache.spark.sql.execution.SQLExecution$.$anonfun$withNewExecutionId$6(SQLExecution.scala:125)
	at org.apache.spark.sql.execution.SQLExecution$.withSQLConfPropagated(SQLExecution.scala:201)
	at org.apache.spark.sql.execution.SQLExecution$.$anonfun$withNewExecutionId$1(SQLExecution.scala:108)
	at org.apache.spark.sql.SparkSession.withActive(SparkSession.scala:900)
	at org.apache.spark.sql.execution.SQLExecution$.withNewExecutionId(SQLExecution.scala:66)
	at org.apache.spark.sql.execution.QueryExecution$$anonfun$eagerlyExecuteCommands$1.applyOrElse(QueryExecution.scala:107)
	at org.apache.spark.sql.execution.QueryExecution$$anonfun$eagerlyExecuteCommands$1.applyOrElse(QueryExecution.scala:98)
	at org.apache.spark.sql.catalyst.trees.TreeNode.$anonfun$transformDownWithPruning$1(TreeNode.scala:461)
	at org.apache.spark.sql.catalyst.trees.CurrentOrigin$.withOrigin(origin.scala:76)
	at org.apache.spark.sql.catalyst.trees.TreeNode.transformDownWithPruning(TreeNode.scala:461)
	at org.apache.spark.sql.catalyst.plans.logical.LogicalPlan.org$apache$spark$sql$catalyst$plans$logical$AnalysisHelper$$super$transformDownWithPruning(LogicalPlan.scala:32)
	at org.apache.spark.sql.catalyst.plans.logical.AnalysisHelper.transformDownWithPruning(AnalysisHelper.scala:267)
	at org.apache.spark.sql.catalyst.plans.logical.AnalysisHelper.transformDownWithPruning$(AnalysisHelper.scala:263)
	at org.apache.spark.sql.catalyst.plans.logical.LogicalPlan.transformDownWithPruning(LogicalPlan.scala:32)
	at org.apache.spark.sql.catalyst.plans.logical.LogicalPlan.transformDownWithPruning(LogicalPlan.scala:32)
	at org.apache.spark.sql.catalyst.trees.TreeNode.transformDown(TreeNode.scala:437)
	at org.apache.spark.sql.execution.QueryExecution.eagerlyExecuteCommands(QueryExecution.scala:98)
	at org.apache.spark.sql.execution.QueryExecution.commandExecuted$lzycompute(QueryExecution.scala:85)
	at org.apache.spark.sql.execution.QueryExecution.commandExecuted(QueryExecution.scala:83)
	at org.apache.spark.sql.execution.QueryExecution.assertCommandExecuted(QueryExecution.scala:142)
	at org.apache.spark.sql.DataFrameWriter.runCommand(DataFrameWriter.scala:859)
	at org.apache.spark.sql.DataFrameWriter.saveToV1Source(DataFrameWriter.scala:388)
	at org.apache.spark.sql.DataFrameWriter.saveInternal(DataFrameWriter.scala:361)
	at org.apache.spark.sql.DataFrameWriter.save(DataFrameWriter.scala:240)
	at org.apache.spark.sql.DataFrameWriter.csv(DataFrameWriter.scala:850)
	at me.lpmg.ste.jobs.RevisionEvalJob$.main(RevisionEvalJob.scala:135)
	at me.lpmg.ste.jobs.RevisionEvalJob.main(RevisionEvalJob.scala)
	at java.base/jdk.internal.reflect.NativeMethodAccessorImpl.invoke0(Native Method)
	at java.base/jdk.internal.reflect.NativeMethodAccessorImpl.invoke(Unknown Source)
	at java.base/jdk.internal.reflect.DelegatingMethodAccessorImpl.invoke(Unknown Source)
	at java.base/java.lang.reflect.Method.invoke(Unknown Source)
	at org.apache.spark.deploy.JavaMainApplication.start(SparkApplication.scala:52)
	at org.apache.spark.deploy.SparkSubmit.org$apache$spark$deploy$SparkSubmit$$runMain(SparkSubmit.scala:1029)
	at org.apache.spark.deploy.SparkSubmit.doRunMain$1(SparkSubmit.scala:194)
	at org.apache.spark.deploy.SparkSubmit.submit(SparkSubmit.scala:217)
	at org.apache.spark.deploy.SparkSubmit.doSubmit(SparkSubmit.scala:91)
	at org.apache.spark.deploy.SparkSubmit$$anon$2.doSubmit(SparkSubmit.scala:1120)
	at org.apache.spark.deploy.SparkSubmit$.main(SparkSubmit.scala:1129)
	at org.apache.spark.deploy.SparkSubmit.main(SparkSubmit.scala)
Caused by: org.apache.spark.SparkException: [TASK_WRITE_FAILED] Task failed while writing rows to file:/mnt/ceph/storage/data-in-progress/data-teaching/theses/thesis-grumbach/data5/probabilities-third-party-2025-01-24T10-28-33Z.
	at org.apache.spark.sql.errors.QueryExecutionErrors$.taskFailedWhileWritingRowsError(QueryExecutionErrors.scala:774)
	at org.apache.spark.sql.execution.datasources.FileFormatWriter$.executeTask(FileFormatWriter.scala:420)
	at org.apache.spark.sql.execution.datasources.WriteFilesExec.$anonfun$doExecuteWrite$1(WriteFiles.scala:100)
	at org.apache.spark.rdd.RDD.$anonfun$mapPartitionsInternal$2(RDD.scala:890)
	at org.apache.spark.rdd.RDD.$anonfun$mapPartitionsInternal$2$adapted(RDD.scala:890)
	at org.apache.spark.rdd.MapPartitionsRDD.compute(MapPartitionsRDD.scala:52)
	at org.apache.spark.rdd.RDD.computeOrReadCheckpoint(RDD.scala:364)
	at org.apache.spark.rdd.RDD.iterator(RDD.scala:328)
	at org.apache.spark.scheduler.ResultTask.runTask(ResultTask.scala:93)
	at org.apache.spark.TaskContext.runTaskWithListeners(TaskContext.scala:161)
	at org.apache.spark.scheduler.Task.run(Task.scala:141)
	at org.apache.spark.executor.Executor$TaskRunner.$anonfun$run$4(Executor.scala:620)
	at org.apache.spark.util.SparkErrorUtils.tryWithSafeFinally(SparkErrorUtils.scala:64)
	at org.apache.spark.util.SparkErrorUtils.tryWithSafeFinally$(SparkErrorUtils.scala:61)
	at org.apache.spark.util.Utils$.tryWithSafeFinally(Utils.scala:94)
	at org.apache.spark.executor.Executor$TaskRunner.run(Executor.scala:623)
	at java.base/java.util.concurrent.ThreadPoolExecutor.runWorker(Unknown Source)
	at java.base/java.util.concurrent.ThreadPoolExecutor$Worker.run(Unknown Source)
	at java.base/java.lang.Thread.run(Unknown Source)
Caused by: java.lang.IllegalArgumentException: requirement failed: The probabilities dont add up to 1.0! NaN + NaN
	at scala.Predef$.require(Predef.scala:281)
	at me.lpmg.ste.types.TemplateProbabilityVector$.apply(TemplateProbabilityVector.scala:48)
	at me.lpmg.ste.algorithms.ProbabilityHandler$.weightedCombination(ProbabilityHandler.scala:113)
	at me.lpmg.ste.jobs.RevisionEvalJob$.$anonfun$main$3(RevisionEvalJob.scala:112)
	at scala.collection.Iterator$$anon$10.next(Iterator.scala:461)
	at scala.collection.Iterator$$anon$12.hasNext(Iterator.scala:514)
	at scala.collection.Iterator$$anon$10.hasNext(Iterator.scala:460)
	at scala.collection.Iterator$$anon$10.hasNext(Iterator.scala:460)
	at org.apache.spark.sql.catalyst.expressions.GeneratedClass$GeneratedIteratorForCodegenStage1.processNext(Unknown Source)
	at org.apache.spark.sql.execution.BufferedRowIterator.hasNext(BufferedRowIterator.java:43)
	at org.apache.spark.sql.execution.WholeStageCodegenEvaluatorFactory$WholeStageCodegenPartitionEvaluator$$anon$1.hasNext(WholeStageCodegenEvaluatorFactory.scala:43)
	at org.apache.spark.sql.execution.datasources.FileFormatDataWriter.writeWithIterator(FileFormatDataWriter.scala:91)
	at org.apache.spark.sql.execution.datasources.FileFormatWriter$.$anonfun$executeTask$1(FileFormatWriter.scala:403)
	at org.apache.spark.util.Utils$.tryWithSafeFinallyAndFailureCallbacks(Utils.scala:1397)
	at org.apache.spark.sql.execution.datasources.FileFormatWriter$.executeTask(FileFormatWriter.scala:410)
	... 17 more
25/01/24 10:29:56 WARN TaskSetManager: Lost task 2.1 in stage 3.0 (TID 12) (10.23.202.109 executor 1): TaskKilled (Stage cancelled: Job aborted due to stage failure: Task 0 in stage 3.0 failed 4 times, most recent failure: Lost task 0.3 in stage 3.0 (TID 11) (10.23.202.109 executor 1): org.apache.spark.SparkException: [TASK_WRITE_FAILED] Task failed while writing rows to file:/mnt/ceph/storage/data-in-progress/data-teaching/theses/thesis-grumbach/data5/probabilities-third-party-2025-01-24T10-28-33Z.
	at org.apache.spark.sql.errors.QueryExecutionErrors$.taskFailedWhileWritingRowsError(QueryExecutionErrors.scala:774)
	at org.apache.spark.sql.execution.datasources.FileFormatWriter$.executeTask(FileFormatWriter.scala:420)
	at org.apache.spark.sql.execution.datasources.WriteFilesExec.$anonfun$doExecuteWrite$1(WriteFiles.scala:100)
	at org.apache.spark.rdd.RDD.$anonfun$mapPartitionsInternal$2(RDD.scala:890)
	at org.apache.spark.rdd.RDD.$anonfun$mapPartitionsInternal$2$adapted(RDD.scala:890)
	at org.apache.spark.rdd.MapPartitionsRDD.compute(MapPartitionsRDD.scala:52)
	at org.apache.spark.rdd.RDD.computeOrReadCheckpoint(RDD.scala:364)
	at org.apache.spark.rdd.RDD.iterator(RDD.scala:328)
	at org.apache.spark.scheduler.ResultTask.runTask(ResultTask.scala:93)
	at org.apache.spark.TaskContext.runTaskWithListeners(TaskContext.scala:161)
	at org.apache.spark.scheduler.Task.run(Task.scala:141)
	at org.apache.spark.executor.Executor$TaskRunner.$anonfun$run$4(Executor.scala:620)
	at org.apache.spark.util.SparkErrorUtils.tryWithSafeFinally(SparkErrorUtils.scala:64)
	at org.apache.spark.util.SparkErrorUtils.tryWithSafeFinally$(SparkErrorUtils.scala:61)
	at org.apache.spark.util.Utils$.tryWithSafeFinally(Utils.scala:94)
	at org.apache.spark.executor.Executor$TaskRunner.run(Executor.scala:623)
	at java.base/java.util.concurrent.ThreadPoolExecutor.runWorker(Unknown Source)
	at java.base/java.util.concurrent.ThreadPoolExecutor$Worker.run(Unknown Source)
	at java.base/java.lang.Thread.run(Unknown Source)
Caused by: java.lang.IllegalArgumentException: requirement failed: The probabilities dont add up to 1.0! NaN + NaN
	at scala.Predef$.require(Predef.scala:281)
	at me.lpmg.ste.types.TemplateProbabilityVector$.apply(TemplateProbabilityVector.scala:48)
	at me.lpmg.ste.algorithms.ProbabilityHandler$.weightedCombination(ProbabilityHandler.scala:113)
	at me.lpmg.ste.jobs.RevisionEvalJob$.$anonfun$main$3(RevisionEvalJob.scala:112)
	at scala.collection.Iterator$$anon$10.next(Iterator.scala:461)
	at scala.collection.Iterator$$anon$12.hasNext(Iterator.scala:514)
	at scala.collection.Iterator$$anon$10.hasNext(Iterator.scala:460)
	at scala.collection.Iterator$$anon$10.hasNext(Iterator.scala:460)
	at org.apache.spark.sql.catalyst.expressions.GeneratedClass$GeneratedIteratorForCodegenStage1.processNext(Unknown Source)
	at org.apache.spark.sql.execution.BufferedRowIterator.hasNext(BufferedRowIterator.java:43)
	at org.apache.spark.sql.execution.WholeStageCodegenEvaluatorFactory$WholeStageCodegenPartitionEvaluator$$anon$1.hasNext(WholeStageCodegenEvaluatorFactory.scala:43)
	at org.apache.spark.sql.execution.datasources.FileFormatDataWriter.writeWithIterator(FileFormatDataWriter.scala:91)
	at org.apache.spark.sql.execution.datasources.FileFormatWriter$.$anonfun$executeTask$1(FileFormatWriter.scala:403)
	at org.apache.spark.util.Utils$.tryWithSafeFinallyAndFailureCallbacks(Utils.scala:1397)
	at org.apache.spark.sql.execution.datasources.FileFormatWriter$.executeTask(FileFormatWriter.scala:410)
	... 17 more

Driver stacktrace:)
25/01/24 10:29:56 INFO SparkContext: SparkContext is stopping with exitCode 0.
25/01/24 10:29:56 INFO SparkUI: Stopped Spark web UI at http://ste-revision-eval-job-3cb8269497d7903d-driver-svc.spark-jobs.svc:4040
25/01/24 10:29:56 INFO KubernetesClusterSchedulerBackend: Shutting down all executors
25/01/24 10:29:56 INFO KubernetesClusterSchedulerBackend$KubernetesDriverEndpoint: Asking each executor to shut down
25/01/24 10:29:56 WARN ExecutorPodsWatchSnapshotSource: Kubernetes client has been closed.
25/01/24 10:29:57 INFO MapOutputTrackerMasterEndpoint: MapOutputTrackerMasterEndpoint stopped!
25/01/24 10:29:57 INFO MemoryStore: MemoryStore cleared
25/01/24 10:29:57 INFO BlockManager: BlockManager stopped
25/01/24 10:29:58 INFO BlockManagerMaster: BlockManagerMaster stopped
25/01/24 10:29:58 INFO OutputCommitCoordinator$OutputCommitCoordinatorEndpoint: OutputCommitCoordinator stopped!
25/01/24 10:29:58 INFO SparkContext: Successfully stopped SparkContext
Exception in thread "main" org.apache.spark.SparkException: Job aborted due to stage failure: Task 0 in stage 3.0 failed 4 times, most recent failure: Lost task 0.3 in stage 3.0 (TID 11) (10.23.202.109 executor 1): org.apache.spark.SparkException: [TASK_WRITE_FAILED] Task failed while writing rows to file:/mnt/ceph/storage/data-in-progress/data-teaching/theses/thesis-grumbach/data5/probabilities-third-party-2025-01-24T10-28-33Z.
	at org.apache.spark.sql.errors.QueryExecutionErrors$.taskFailedWhileWritingRowsError(QueryExecutionErrors.scala:774)
	at org.apache.spark.sql.execution.datasources.FileFormatWriter$.executeTask(FileFormatWriter.scala:420)
	at org.apache.spark.sql.execution.datasources.WriteFilesExec.$anonfun$doExecuteWrite$1(WriteFiles.scala:100)
	at org.apache.spark.rdd.RDD.$anonfun$mapPartitionsInternal$2(RDD.scala:890)
	at org.apache.spark.rdd.RDD.$anonfun$mapPartitionsInternal$2$adapted(RDD.scala:890)
	at org.apache.spark.rdd.MapPartitionsRDD.compute(MapPartitionsRDD.scala:52)
	at org.apache.spark.rdd.RDD.computeOrReadCheckpoint(RDD.scala:364)
	at org.apache.spark.rdd.RDD.iterator(RDD.scala:328)
	at org.apache.spark.scheduler.ResultTask.runTask(ResultTask.scala:93)
	at org.apache.spark.TaskContext.runTaskWithListeners(TaskContext.scala:161)
	at org.apache.spark.scheduler.Task.run(Task.scala:141)
	at org.apache.spark.executor.Executor$TaskRunner.$anonfun$run$4(Executor.scala:620)
	at org.apache.spark.util.SparkErrorUtils.tryWithSafeFinally(SparkErrorUtils.scala:64)
	at org.apache.spark.util.SparkErrorUtils.tryWithSafeFinally$(SparkErrorUtils.scala:61)
	at org.apache.spark.util.Utils$.tryWithSafeFinally(Utils.scala:94)
	at org.apache.spark.executor.Executor$TaskRunner.run(Executor.scala:623)
	at java.base/java.util.concurrent.ThreadPoolExecutor.runWorker(Unknown Source)
	at java.base/java.util.concurrent.ThreadPoolExecutor$Worker.run(Unknown Source)
	at java.base/java.lang.Thread.run(Unknown Source)
Caused by: java.lang.IllegalArgumentException: requirement failed: The probabilities dont add up to 1.0! NaN + NaN
	at scala.Predef$.require(Predef.scala:281)
	at me.lpmg.ste.types.TemplateProbabilityVector$.apply(TemplateProbabilityVector.scala:48)
	at me.lpmg.ste.algorithms.ProbabilityHandler$.weightedCombination(ProbabilityHandler.scala:113)
	at me.lpmg.ste.jobs.RevisionEvalJob$.$anonfun$main$3(RevisionEvalJob.scala:112)
	at scala.collection.Iterator$$anon$10.next(Iterator.scala:461)
	at scala.collection.Iterator$$anon$12.hasNext(Iterator.scala:514)
	at scala.collection.Iterator$$anon$10.hasNext(Iterator.scala:460)
	at scala.collection.Iterator$$anon$10.hasNext(Iterator.scala:460)
	at org.apache.spark.sql.catalyst.expressions.GeneratedClass$GeneratedIteratorForCodegenStage1.processNext(Unknown Source)
	at org.apache.spark.sql.execution.BufferedRowIterator.hasNext(BufferedRowIterator.java:43)
	at org.apache.spark.sql.execution.WholeStageCodegenEvaluatorFactory$WholeStageCodegenPartitionEvaluator$$anon$1.hasNext(WholeStageCodegenEvaluatorFactory.scala:43)
	at org.apache.spark.sql.execution.datasources.FileFormatDataWriter.writeWithIterator(FileFormatDataWriter.scala:91)
	at org.apache.spark.sql.execution.datasources.FileFormatWriter$.$anonfun$executeTask$1(FileFormatWriter.scala:403)
	at org.apache.spark.util.Utils$.tryWithSafeFinallyAndFailureCallbacks(Utils.scala:1397)
	at org.apache.spark.sql.execution.datasources.FileFormatWriter$.executeTask(FileFormatWriter.scala:410)
	... 17 more

Driver stacktrace:
	at org.apache.spark.scheduler.DAGScheduler.failJobAndIndependentStages(DAGScheduler.scala:2844)
	at org.apache.spark.scheduler.DAGScheduler.$anonfun$abortStage$2(DAGScheduler.scala:2780)
	at org.apache.spark.scheduler.DAGScheduler.$anonfun$abortStage$2$adapted(DAGScheduler.scala:2779)
	at scala.collection.mutable.ResizableArray.foreach(ResizableArray.scala:62)
	at scala.collection.mutable.ResizableArray.foreach$(ResizableArray.scala:55)
	at scala.collection.mutable.ArrayBuffer.foreach(ArrayBuffer.scala:49)
	at org.apache.spark.scheduler.DAGScheduler.abortStage(DAGScheduler.scala:2779)
	at org.apache.spark.scheduler.DAGScheduler.$anonfun$handleTaskSetFailed$1(DAGScheduler.scala:1242)
	at org.apache.spark.scheduler.DAGScheduler.$anonfun$handleTaskSetFailed$1$adapted(DAGScheduler.scala:1242)
	at scala.Option.foreach(Option.scala:407)
	at org.apache.spark.scheduler.DAGScheduler.handleTaskSetFailed(DAGScheduler.scala:1242)
	at org.apache.spark.scheduler.DAGSchedulerEventProcessLoop.doOnReceive(DAGScheduler.scala:3048)
	at org.apache.spark.scheduler.DAGSchedulerEventProcessLoop.onReceive(DAGScheduler.scala:2982)
	at org.apache.spark.scheduler.DAGSchedulerEventProcessLoop.onReceive(DAGScheduler.scala:2971)
	at org.apache.spark.util.EventLoop$$anon$1.run(EventLoop.scala:49)
	at org.apache.spark.scheduler.DAGScheduler.runJob(DAGScheduler.scala:984)
	at org.apache.spark.SparkContext.runJob(SparkContext.scala:2398)
	at org.apache.spark.sql.execution.datasources.FileFormatWriter$.$anonfun$executeWrite$4(FileFormatWriter.scala:307)
	at org.apache.spark.sql.execution.datasources.FileFormatWriter$.writeAndCommit(FileFormatWriter.scala:271)
	at org.apache.spark.sql.execution.datasources.FileFormatWriter$.executeWrite(FileFormatWriter.scala:304)
	at org.apache.spark.sql.execution.datasources.FileFormatWriter$.write(FileFormatWriter.scala:190)
	at org.apache.spark.sql.execution.datasources.InsertIntoHadoopFsRelationCommand.run(InsertIntoHadoopFsRelationCommand.scala:190)
	at org.apache.spark.sql.execution.command.DataWritingCommandExec.sideEffectResult$lzycompute(commands.scala:113)
	at org.apache.spark.sql.execution.command.DataWritingCommandExec.sideEffectResult(commands.scala:111)
	at org.apache.spark.sql.execution.command.DataWritingCommandExec.executeCollect(commands.scala:125)
	at org.apache.spark.sql.execution.QueryExecution$$anonfun$eagerlyExecuteCommands$1.$anonfun$applyOrElse$1(QueryExecution.scala:107)
	at org.apache.spark.sql.execution.SQLExecution$.$anonfun$withNewExecutionId$6(SQLExecution.scala:125)
	at org.apache.spark.sql.execution.SQLExecution$.withSQLConfPropagated(SQLExecution.scala:201)
	at org.apache.spark.sql.execution.SQLExecution$.$anonfun$withNewExecutionId$1(SQLExecution.scala:108)
	at org.apache.spark.sql.SparkSession.withActive(SparkSession.scala:900)
	at org.apache.spark.sql.execution.SQLExecution$.withNewExecutionId(SQLExecution.scala:66)
	at org.apache.spark.sql.execution.QueryExecution$$anonfun$eagerlyExecuteCommands$1.applyOrElse(QueryExecution.scala:107)
	at org.apache.spark.sql.execution.QueryExecution$$anonfun$eagerlyExecuteCommands$1.applyOrElse(QueryExecution.scala:98)
	at org.apache.spark.sql.catalyst.trees.TreeNode.$anonfun$transformDownWithPruning$1(TreeNode.scala:461)
	at org.apache.spark.sql.catalyst.trees.CurrentOrigin$.withOrigin(origin.scala:76)
	at org.apache.spark.sql.catalyst.trees.TreeNode.transformDownWithPruning(TreeNode.scala:461)
	at org.apache.spark.sql.catalyst.plans.logical.LogicalPlan.org$apache$spark$sql$catalyst$plans$logical$AnalysisHelper$$super$transformDownWithPruning(LogicalPlan.scala:32)
	at org.apache.spark.sql.catalyst.plans.logical.AnalysisHelper.transformDownWithPruning(AnalysisHelper.scala:267)
	at org.apache.spark.sql.catalyst.plans.logical.AnalysisHelper.transformDownWithPruning$(AnalysisHelper.scala:263)
	at org.apache.spark.sql.catalyst.plans.logical.LogicalPlan.transformDownWithPruning(LogicalPlan.scala:32)
	at org.apache.spark.sql.catalyst.plans.logical.LogicalPlan.transformDownWithPruning(LogicalPlan.scala:32)
	at org.apache.spark.sql.catalyst.trees.TreeNode.transformDown(TreeNode.scala:437)
	at org.apache.spark.sql.execution.QueryExecution.eagerlyExecuteCommands(QueryExecution.scala:98)
	at org.apache.spark.sql.execution.QueryExecution.commandExecuted$lzycompute(QueryExecution.scala:85)
	at org.apache.spark.sql.execution.QueryExecution.commandExecuted(QueryExecution.scala:83)
	at org.apache.spark.sql.execution.QueryExecution.assertCommandExecuted(QueryExecution.scala:142)
	at org.apache.spark.sql.DataFrameWriter.runCommand(DataFrameWriter.scala:859)
	at org.apache.spark.sql.DataFrameWriter.saveToV1Source(DataFrameWriter.scala:388)
	at org.apache.spark.sql.DataFrameWriter.saveInternal(DataFrameWriter.scala:361)
	at org.apache.spark.sql.DataFrameWriter.save(DataFrameWriter.scala:240)
	at org.apache.spark.sql.DataFrameWriter.csv(DataFrameWriter.scala:850)
	at me.lpmg.ste.jobs.RevisionEvalJob$.main(RevisionEvalJob.scala:135)
	at me.lpmg.ste.jobs.RevisionEvalJob.main(RevisionEvalJob.scala)
	at java.base/jdk.internal.reflect.NativeMethodAccessorImpl.invoke0(Native Method)
	at java.base/jdk.internal.reflect.NativeMethodAccessorImpl.invoke(Unknown Source)
	at java.base/jdk.internal.reflect.DelegatingMethodAccessorImpl.invoke(Unknown Source)
	at java.base/java.lang.reflect.Method.invoke(Unknown Source)
	at org.apache.spark.deploy.JavaMainApplication.start(SparkApplication.scala:52)
	at org.apache.spark.deploy.SparkSubmit.org$apache$spark$deploy$SparkSubmit$$runMain(SparkSubmit.scala:1029)
	at org.apache.spark.deploy.SparkSubmit.doRunMain$1(SparkSubmit.scala:194)
	at org.apache.spark.deploy.SparkSubmit.submit(SparkSubmit.scala:217)
	at org.apache.spark.deploy.SparkSubmit.doSubmit(SparkSubmit.scala:91)
	at org.apache.spark.deploy.SparkSubmit$$anon$2.doSubmit(SparkSubmit.scala:1120)
	at org.apache.spark.deploy.SparkSubmit$.main(SparkSubmit.scala:1129)
	at org.apache.spark.deploy.SparkSubmit.main(SparkSubmit.scala)
Caused by: org.apache.spark.SparkException: [TASK_WRITE_FAILED] Task failed while writing rows to file:/mnt/ceph/storage/data-in-progress/data-teaching/theses/thesis-grumbach/data5/probabilities-third-party-2025-01-24T10-28-33Z.
	at org.apache.spark.sql.errors.QueryExecutionErrors$.taskFailedWhileWritingRowsError(QueryExecutionErrors.scala:774)
	at org.apache.spark.sql.execution.datasources.FileFormatWriter$.executeTask(FileFormatWriter.scala:420)
	at org.apache.spark.sql.execution.datasources.WriteFilesExec.$anonfun$doExecuteWrite$1(WriteFiles.scala:100)
	at org.apache.spark.rdd.RDD.$anonfun$mapPartitionsInternal$2(RDD.scala:890)
	at org.apache.spark.rdd.RDD.$anonfun$mapPartitionsInternal$2$adapted(RDD.scala:890)
	at org.apache.spark.rdd.MapPartitionsRDD.compute(MapPartitionsRDD.scala:52)
	at org.apache.spark.rdd.RDD.computeOrReadCheckpoint(RDD.scala:364)
	at org.apache.spark.rdd.RDD.iterator(RDD.scala:328)
	at org.apache.spark.scheduler.ResultTask.runTask(ResultTask.scala:93)
	at org.apache.spark.TaskContext.runTaskWithListeners(TaskContext.scala:161)
	at org.apache.spark.scheduler.Task.run(Task.scala:141)
	at org.apache.spark.executor.Executor$TaskRunner.$anonfun$run$4(Executor.scala:620)
	at org.apache.spark.util.SparkErrorUtils.tryWithSafeFinally(SparkErrorUtils.scala:64)
	at org.apache.spark.util.SparkErrorUtils.tryWithSafeFinally$(SparkErrorUtils.scala:61)
	at org.apache.spark.util.Utils$.tryWithSafeFinally(Utils.scala:94)
	at org.apache.spark.executor.Executor$TaskRunner.run(Executor.scala:623)
	at java.base/java.util.concurrent.ThreadPoolExecutor.runWorker(Unknown Source)
	at java.base/java.util.concurrent.ThreadPoolExecutor$Worker.run(Unknown Source)
	at java.base/java.lang.Thread.run(Unknown Source)
Caused by: java.lang.IllegalArgumentException: requirement failed: The probabilities dont add up to 1.0! NaN + NaN
	at scala.Predef$.require(Predef.scala:281)
	at me.lpmg.ste.types.TemplateProbabilityVector$.apply(TemplateProbabilityVector.scala:48)
	at me.lpmg.ste.algorithms.ProbabilityHandler$.weightedCombination(ProbabilityHandler.scala:113)
	at me.lpmg.ste.jobs.RevisionEvalJob$.$anonfun$main$3(RevisionEvalJob.scala:112)
	at scala.collection.Iterator$$anon$10.next(Iterator.scala:461)
	at scala.collection.Iterator$$anon$12.hasNext(Iterator.scala:514)
	at scala.collection.Iterator$$anon$10.hasNext(Iterator.scala:460)
	at scala.collection.Iterator$$anon$10.hasNext(Iterator.scala:460)
	at org.apache.spark.sql.catalyst.expressions.GeneratedClass$GeneratedIteratorForCodegenStage1.processNext(Unknown Source)
	at org.apache.spark.sql.execution.BufferedRowIterator.hasNext(BufferedRowIterator.java:43)
	at org.apache.spark.sql.execution.WholeStageCodegenEvaluatorFactory$WholeStageCodegenPartitionEvaluator$$anon$1.hasNext(WholeStageCodegenEvaluatorFactory.scala:43)
	at org.apache.spark.sql.execution.datasources.FileFormatDataWriter.writeWithIterator(FileFormatDataWriter.scala:91)
	at org.apache.spark.sql.execution.datasources.FileFormatWriter$.$anonfun$executeTask$1(FileFormatWriter.scala:403)
	at org.apache.spark.util.Utils$.tryWithSafeFinallyAndFailureCallbacks(Utils.scala:1397)
	at org.apache.spark.sql.execution.datasources.FileFormatWriter$.executeTask(FileFormatWriter.scala:410)
	... 17 more
25/01/24 10:29:58 INFO ShutdownHookManager: Shutdown hook called
25/01/24 10:29:58 INFO ShutdownHookManager: Deleting directory /tmp/spark-093bc70c-3c0b-43fe-bb20-e9fb6e3567aa
25/01/24 10:29:58 INFO ShutdownHookManager: Deleting directory /var/data/spark-97f49cdd-1bd2-4fe9-8572-86e4a5102a4e/spark-22cece0a-512a-457e-bcff-15ec5ceaf5e4
